// Jest Snapshot v1, https://goo.gl/fbAQLP

exports[`<ButtonExternal /> renders \`fill\` correctly 1`] = `
.emotion-0 {
  font-family: Graphik,"Helvetica Neue",Helvetica,Arial,Verdana,sans-serif;
  font-size: 1rem;
  font-weight: 400;
  line-height: 1.5;
  color: rgb(36,28,21);
  margin: 0;
  margin-bottom: 0.5rem;
  margin-right: 0.5rem;
  padding-top: 0.5rem;
  padding-bottom: 0.5rem;
  padding-left: 1rem;
  padding-right: 1rem;
  word-break: break-word;
  -webkit-hyphens: auto;
  -moz-hyphens: auto;
  -ms-hyphens: auto;
  hyphens: auto;
}

<a
  class="emotion-0"
  href="http://google.com"
  rel="noopener noreferrer"
  target="_blank"
>
  ButtonExternal
</a>
`;

exports[`<ButtonExternal /> renders correctly 1`] = `
.emotion-0 {
  font-family: Graphik,"Helvetica Neue",Helvetica,Arial,Verdana,sans-serif;
  font-size: 1rem;
  font-weight: 400;
  line-height: 1.5;
  color: rgb(36,28,21);
  margin: 0;
  margin-bottom: 0.5rem;
  margin-right: 0.5rem;
  padding-top: 0.5rem;
  padding-bottom: 0.5rem;
  padding-left: 1rem;
  padding-right: 1rem;
  word-break: break-word;
  -webkit-hyphens: auto;
  -moz-hyphens: auto;
  -ms-hyphens: auto;
  hyphens: auto;
}

<a
  class="emotion-0"
  href="http://google.com"
  rel="noopener noreferrer"
  target="_blank"
>
  ButtonExternal
</a>
`;
