// Jest Snapshot v1, https://goo.gl/fbAQLP

exports[`<Header /> renders correctly 1`] = `
<DocumentFragment>
  .emotion-3 {
  background-color: rebeccapurple;
}

.emotion-2 {
  font-size: 14px;
  margin-top: 0;
  margin-bottom: 0;
  margin-left: auto;
  margin-right: auto;
}

.emotion-0 {
  color: #fff;
}

<header
    class="emotion-3"
  >
    <div
      class="emotion-2"
    >
      <h1
        class="emotion-1"
      >
        <a
          class="emotion-0"
          href="/"
        >
          Default Starter
        </a>
      </h1>
    </div>
  </header>
</DocumentFragment>
`;
