// Jest Snapshot v1, https://goo.gl/fbAQLP

exports[`Header renders correctly 1`] = `
<DocumentFragment>
  .emotion-3 {
  background: rebeccapurple;
}

.emotion-0 {
  color: #fff;
}

<header
    class="emotion-3"
  >
    <div
      class="emotion-1"
    >
      <h1
        class="emotion-1"
      >
        <a
          class="emotion-0"
          href="/"
        >
          Default Starter
        </a>
      </h1>
    </div>
  </header>
</DocumentFragment>
`;
